mode: atomic
github.com/ssinghl/couchbase-go/internal/config/config.go:43.30,46.18 2 1
github.com/ssinghl/couchbase-go/internal/config/config.go:46.18,48.3 1 1
github.com/ssinghl/couchbase-go/internal/config/config.go:50.2,54.39 4 1
github.com/ssinghl/couchbase-go/internal/config/config.go:54.39,56.3 1 0
github.com/ssinghl/couchbase-go/internal/config/config.go:58.2,59.45 2 1
github.com/ssinghl/couchbase-go/internal/config/config.go:59.45,61.3 1 0
github.com/ssinghl/couchbase-go/internal/config/config.go:63.2,63.17 1 1
github.com/ssinghl/couchbase-go/internal/health/handlers.go:22.62,24.2 1 1
github.com/ssinghl/couchbase-go/internal/health/handlers.go:28.82,29.54 1 2
github.com/ssinghl/couchbase-go/internal/health/handlers.go:29.54,35.36 4 2
github.com/ssinghl/couchbase-go/internal/health/handlers.go:35.36,37.4 1 2
github.com/ssinghl/couchbase-go/internal/health/handlers.go:37.9,37.23 1 0
github.com/ssinghl/couchbase-go/internal/health/handlers.go:37.23,39.4 1 0
github.com/ssinghl/couchbase-go/internal/health/handlers.go:39.9,41.4 1 0
github.com/ssinghl/couchbase-go/internal/health/handlers.go:43.3,43.17 1 2
github.com/ssinghl/couchbase-go/internal/health/handlers.go:43.17,44.21 1 1
github.com/ssinghl/couchbase-go/internal/health/handlers.go:44.21,46.5 1 0
github.com/ssinghl/couchbase-go/internal/health/handlers.go:47.4,51.10 2 1
github.com/ssinghl/couchbase-go/internal/health/handlers.go:54.3,55.29 2 1
github.com/ssinghl/couchbase-go/internal/health/handlers.go:55.29,57.4 1 1
github.com/ssinghl/couchbase-go/internal/health/handlers.go:57.9,57.23 1 0
github.com/ssinghl/couchbase-go/internal/health/handlers.go:57.23,59.4 1 0
github.com/ssinghl/couchbase-go/internal/health/handlers.go:61.3,64.5 1 1
github.com/ssinghl/couchbase-go/internal/http/handlers/docs.go:28.62,32.2 3 5
github.com/ssinghl/couchbase-go/internal/http/handlers/docs.go:34.38,35.16 1 1
github.com/ssinghl/couchbase-go/internal/http/handlers/docs.go:35.16,37.3 1 0
github.com/ssinghl/couchbase-go/internal/http/handlers/docs.go:38.2,38.46 1 1
github.com/ssinghl/couchbase-go/internal/http/handlers/docs.go:38.46,40.3 1 0
github.com/ssinghl/couchbase-go/internal/http/handlers/docs.go:42.2,43.40 2 1
github.com/ssinghl/couchbase-go/internal/http/handlers/docs.go:43.40,45.3 1 1
github.com/ssinghl/couchbase-go/internal/http/handlers/docs.go:47.2,47.149 1 0
github.com/ssinghl/couchbase-go/internal/http/handlers/docs.go:47.149,49.3 1 0
github.com/ssinghl/couchbase-go/internal/http/handlers/docs.go:50.2,50.39 1 0
github.com/ssinghl/couchbase-go/internal/http/handlers/docs.go:53.114,55.19 2 0
github.com/ssinghl/couchbase-go/internal/http/handlers/docs.go:55.19,57.3 1 0
github.com/ssinghl/couchbase-go/internal/http/handlers/docs.go:58.2,59.45 2 0
github.com/ssinghl/couchbase-go/internal/http/handlers/docs.go:59.45,61.3 1 0
github.com/ssinghl/couchbase-go/internal/http/handlers/docs.go:62.2,62.64 1 0
github.com/ssinghl/couchbase-go/internal/http/handlers/docs.go:76.77,77.54 1 2
github.com/ssinghl/couchbase-go/internal/http/handlers/docs.go:77.54,82.25 4 2
github.com/ssinghl/couchbase-go/internal/http/handlers/docs.go:82.25,84.18 2 2
github.com/ssinghl/couchbase-go/internal/http/handlers/docs.go:84.18,88.5 3 1
github.com/ssinghl/couchbase-go/internal/http/handlers/docs.go:89.4,94.10 2 1
github.com/ssinghl/couchbase-go/internal/http/handlers/docs.go:97.3,98.17 2 0
github.com/ssinghl/couchbase-go/internal/http/handlers/docs.go:98.17,101.4 2 0
github.com/ssinghl/couchbase-go/internal/http/handlers/docs.go:102.3,103.17 2 0
github.com/ssinghl/couchbase-go/internal/http/handlers/docs.go:103.17,107.4 3 0
github.com/ssinghl/couchbase-go/internal/http/handlers/docs.go:108.3,109.47 2 0
github.com/ssinghl/couchbase-go/internal/http/handlers/docs.go:109.47,112.4 2 0
github.com/ssinghl/couchbase-go/internal/http/handlers/docs.go:113.3,117.5 1 0
github.com/ssinghl/couchbase-go/internal/http/handlers/docs.go:134.80,135.54 1 1
github.com/ssinghl/couchbase-go/internal/http/handlers/docs.go:135.54,141.63 5 1
github.com/ssinghl/couchbase-go/internal/http/handlers/docs.go:141.63,144.4 2 0
github.com/ssinghl/couchbase-go/internal/http/handlers/docs.go:146.3,147.19 2 1
github.com/ssinghl/couchbase-go/internal/http/handlers/docs.go:147.19,149.4 1 0
github.com/ssinghl/couchbase-go/internal/http/handlers/docs.go:151.3,151.28 1 1
github.com/ssinghl/couchbase-go/internal/http/handlers/docs.go:151.28,153.18 2 1
github.com/ssinghl/couchbase-go/internal/http/handlers/docs.go:153.18,157.5 3 0
github.com/ssinghl/couchbase-go/internal/http/handlers/docs.go:158.4,159.10 2 1
github.com/ssinghl/couchbase-go/internal/http/handlers/docs.go:162.3,163.17 2 0
github.com/ssinghl/couchbase-go/internal/http/handlers/docs.go:163.17,166.4 2 0
github.com/ssinghl/couchbase-go/internal/http/handlers/docs.go:167.3,168.17 2 0
github.com/ssinghl/couchbase-go/internal/http/handlers/docs.go:168.17,172.4 3 0
github.com/ssinghl/couchbase-go/internal/http/handlers/docs.go:173.3,173.110 1 0
github.com/ssinghl/couchbase-go/internal/http/handlers/docs.go:190.80,191.54 1 1
github.com/ssinghl/couchbase-go/internal/http/handlers/docs.go:191.54,197.63 5 1
github.com/ssinghl/couchbase-go/internal/http/handlers/docs.go:197.63,200.4 2 0
github.com/ssinghl/couchbase-go/internal/http/handlers/docs.go:202.3,202.28 1 1
github.com/ssinghl/couchbase-go/internal/http/handlers/docs.go:202.28,204.18 2 1
github.com/ssinghl/couchbase-go/internal/http/handlers/docs.go:204.18,208.5 3 0
github.com/ssinghl/couchbase-go/internal/http/handlers/docs.go:209.4,210.10 2 1
github.com/ssinghl/couchbase-go/internal/http/handlers/docs.go:213.3,214.17 2 0
github.com/ssinghl/couchbase-go/internal/http/handlers/docs.go:214.17,217.4 2 0
github.com/ssinghl/couchbase-go/internal/http/handlers/docs.go:218.3,219.17 2 0
github.com/ssinghl/couchbase-go/internal/http/handlers/docs.go:219.17,223.4 3 0
github.com/ssinghl/couchbase-go/internal/http/handlers/docs.go:224.3,224.105 1 0
github.com/ssinghl/couchbase-go/internal/http/handlers/docs.go:240.80,241.54 1 1
github.com/ssinghl/couchbase-go/internal/http/handlers/docs.go:241.54,246.28 4 1
github.com/ssinghl/couchbase-go/internal/http/handlers/docs.go:246.28,248.18 2 1
github.com/ssinghl/couchbase-go/internal/http/handlers/docs.go:248.18,252.5 3 0
github.com/ssinghl/couchbase-go/internal/http/handlers/docs.go:253.4,254.10 2 1
github.com/ssinghl/couchbase-go/internal/http/handlers/docs.go:257.3,258.17 2 0
github.com/ssinghl/couchbase-go/internal/http/handlers/docs.go:258.17,261.4 2 0
github.com/ssinghl/couchbase-go/internal/http/handlers/docs.go:262.3,263.17 2 0
github.com/ssinghl/couchbase-go/internal/http/handlers/docs.go:263.17,267.4 3 0
github.com/ssinghl/couchbase-go/internal/http/handlers/docs.go:268.3,268.122 1 0
github.com/ssinghl/couchbase-go/internal/http/handlers/query.go:29.45,32.2 1 2
github.com/ssinghl/couchbase-go/internal/http/handlers/query.go:44.78,45.54 1 2
github.com/ssinghl/couchbase-go/internal/http/handlers/query.go:45.54,47.62 2 2
github.com/ssinghl/couchbase-go/internal/http/handlers/query.go:47.62,50.4 2 0
github.com/ssinghl/couchbase-go/internal/http/handlers/query.go:51.3,51.61 1 2
github.com/ssinghl/couchbase-go/internal/http/handlers/query.go:51.61,54.4 2 1
github.com/ssinghl/couchbase-go/internal/http/handlers/query.go:55.3,56.26 2 1
github.com/ssinghl/couchbase-go/internal/http/handlers/query.go:56.26,58.4 1 0
github.com/ssinghl/couchbase-go/internal/http/handlers/query.go:61.3,61.27 1 1
github.com/ssinghl/couchbase-go/internal/http/handlers/query.go:61.27,63.18 2 1
github.com/ssinghl/couchbase-go/internal/http/handlers/query.go:63.18,67.5 3 0
github.com/ssinghl/couchbase-go/internal/http/handlers/query.go:68.4,69.10 2 1
github.com/ssinghl/couchbase-go/internal/http/handlers/query.go:72.3,78.26 2 0
github.com/ssinghl/couchbase-go/internal/http/handlers/query.go:78.26,80.4 1 0
github.com/ssinghl/couchbase-go/internal/http/handlers/query.go:81.3,82.17 2 0
github.com/ssinghl/couchbase-go/internal/http/handlers/query.go:82.17,86.4 3 0
github.com/ssinghl/couchbase-go/internal/http/handlers/query.go:87.3,87.28 1 0
github.com/ssinghl/couchbase-go/internal/http/handlers/query.go:91.38,92.16 1 0
github.com/ssinghl/couchbase-go/internal/http/handlers/query.go:92.16,94.3 1 0
github.com/ssinghl/couchbase-go/internal/http/handlers/query.go:96.2,97.114 2 0
github.com/ssinghl/couchbase-go/internal/http/handlers/query.go:97.114,99.3 1 0
github.com/ssinghl/couchbase-go/internal/http/handlers/query.go:100.2,100.30 1 0
github.com/ssinghl/couchbase-go/internal/http/handlers/query.go:103.70,105.16 2 0
github.com/ssinghl/couchbase-go/internal/http/handlers/query.go:105.16,109.3 3 0
github.com/ssinghl/couchbase-go/internal/http/handlers/query.go:110.2,114.4 2 0
